[     717ms] [WARNING] Image with src "/images/relay_logo_white.png" was detected as the Largest Contentful Paint (LCP). Please add the `loading="eager"` property if this image is above the fold.
Read more: https://nextjs.org/docs/app/api-reference/components/image#loading @ http://localhost:3000/_next/static/chunks/f2d63_next_dist_68641d91._.js:2297
[     723ms] [WARNING] Image with src "/images/hero-bg.jpg" is using quality "90" which is not configured in images.qualities [75]. Please update your config to [75, 90].
Read more: https://nextjs.org/docs/messages/next-image-unconfigured-qualities @ http://localhost:3000/_next/static/chunks/f2d63_next_dist_68641d91._.js:2297
[     806ms] [WARNING] Image with src "/images/hero-bg-gold.jpg" is using quality "80" which is not configured in images.qualities [75]. Please update your config to [75, 80].
Read more: https://nextjs.org/docs/messages/next-image-unconfigured-qualities @ http://localhost:3000/_next/static/chunks/f2d63_next_dist_68641d91._.js:2297
[   10128ms] [WARNING] Image with src "/images/relay_logo_white.png" has either width or height modified, but not the other. If you use CSS to change the size of your image, also include the styles 'width: "auto"' or 'height: "auto"' to maintain the aspect ratio. @ http://localhost:3000/_next/static/chunks/f2d63_next_dist_68641d91._.js:2297
[   50662ms] [ERROR] [Relay Web] web-landing window.unhandled_rejection {level: error, area: window, event: window.unhandled_rejection, message: Unhandled promise rejection., error: Object} @ http://localhost:3000/_next/static/chunks/f2d63_next_dist_68641d91._.js:3127
[   50665ms] The play() request was interrupted by a call to pause(). https://goo.gl/LdLk22
[  110791ms] [WARNING] Image with src "/images/relay_logo_white.png" was detected as the Largest Contentful Paint (LCP). Please add the `loading="eager"` property if this image is above the fold.
Read more: https://nextjs.org/docs/app/api-reference/components/image#loading @ http://localhost:3000/_next/static/chunks/f2d63_next_dist_68641d91._.js:2297
[  110791ms] [WARNING] Image with src "/images/hero-bg-gold.jpg" is using quality "90" which is not configured in images.qualities [75]. Please update your config to [75, 90].
Read more: https://nextjs.org/docs/messages/next-image-unconfigured-qualities @ http://localhost:3000/_next/static/chunks/f2d63_next_dist_68641d91._.js:2297
[  110921ms] [WARNING] Image with src "/images/hero-bg.jpg" is using quality "80" which is not configured in images.qualities [75]. Please update your config to [75, 80].
Read more: https://nextjs.org/docs/messages/next-image-unconfigured-qualities @ http://localhost:3000/_next/static/chunks/f2d63_next_dist_68641d91._.js:2297
[  111653ms] [WARNING] Image with src "/images/relay_logo_white.png" has either width or height modified, but not the other. If you use CSS to change the size of your image, also include the styles 'width: "auto"' or 'height: "auto"' to maintain the aspect ratio. @ http://localhost:3000/_next/static/chunks/f2d63_next_dist_68641d91._.js:2297
[  174437ms] [WARNING] Image with src "/images/relay_logo_white.png" was detected as the Largest Contentful Paint (LCP). Please add the `loading="eager"` property if this image is above the fold.
Read more: https://nextjs.org/docs/app/api-reference/components/image#loading @ http://localhost:3000/_next/static/chunks/f2d63_next_dist_68641d91._.js:2297
[  174438ms] [WARNING] Image with src "/images/hero-bg.jpg" is using quality "90" which is not configured in images.qualities [75]. Please update your config to [75, 90].
Read more: https://nextjs.org/docs/messages/next-image-unconfigured-qualities @ http://localhost:3000/_next/static/chunks/f2d63_next_dist_68641d91._.js:2297
[  174568ms] [WARNING] Image with src "/images/hero-bg-gold.jpg" is using quality "80" which is not configured in images.qualities [75]. Please update your config to [75, 80].
Read more: https://nextjs.org/docs/messages/next-image-unconfigured-qualities @ http://localhost:3000/_next/static/chunks/f2d63_next_dist_68641d91._.js:2297
[  174597ms] [WARNING] Image with src "/images/relay_logo_white.png" has either width or height modified, but not the other. If you use CSS to change the size of your image, also include the styles 'width: "auto"' or 'height: "auto"' to maintain the aspect ratio. @ http://localhost:3000/_next/static/chunks/f2d63_next_dist_68641d91._.js:2297
[  533242ms] [WARNING] Image with src "/images/relay_logo_white.png" was detected as the Largest Contentful Paint (LCP). Please add the `loading="eager"` property if this image is above the fold.
Read more: https://nextjs.org/docs/app/api-reference/components/image#loading @ http://localhost:3000/_next/static/chunks/f2d63_next_dist_68641d91._.js:2297
[  533247ms] [WARNING] Image with src "/images/hero-bg.jpg" is using quality "90" which is not configured in images.qualities [75]. Please update your config to [75, 90].
Read more: https://nextjs.org/docs/messages/next-image-unconfigured-qualities @ http://localhost:3000/_next/static/chunks/f2d63_next_dist_68641d91._.js:2297
[  533332ms] [WARNING] Image with src "/images/hero-bg-gold.jpg" is using quality "80" which is not configured in images.qualities [75]. Please update your config to [75, 80].
Read more: https://nextjs.org/docs/messages/next-image-unconfigured-qualities @ http://localhost:3000/_next/static/chunks/f2d63_next_dist_68641d91._.js:2297
[  533368ms] [WARNING] Image with src "/images/relay_logo_white.png" has either width or height modified, but not the other. If you use CSS to change the size of your image, also include the styles 'width: "auto"' or 'height: "auto"' to maintain the aspect ratio. @ http://localhost:3000/_next/static/chunks/f2d63_next_dist_68641d91._.js:2297
[  748562ms] [WARNING] Image with src "/images/hero-bg-gold.jpg" is using quality "90" which is not configured in images.qualities [75]. Please update your config to [75, 90].
Read more: https://nextjs.org/docs/messages/next-image-unconfigured-qualities @ http://localhost:3000/_next/static/chunks/f2d63_next_dist_68641d91._.js:2297
[  748715ms] [WARNING] Image with src "/images/hero-bg.jpg" is using quality "80" which is not configured in images.qualities [75]. Please update your config to [75, 80].
Read more: https://nextjs.org/docs/messages/next-image-unconfigured-qualities @ http://localhost:3000/_next/static/chunks/f2d63_next_dist_68641d91._.js:2297
[  748733ms] [WARNING] Image with src "/images/relay_logo_white.png" has either width or height modified, but not the other. If you use CSS to change the size of your image, also include the styles 'width: "auto"' or 'height: "auto"' to maintain the aspect ratio. @ http://localhost:3000/_next/static/chunks/f2d63_next_dist_68641d91._.js:2297
[  753538ms] [WARNING] Image with src "/images/hero-bg-gold.jpg" is using quality "90" which is not configured in images.qualities [75]. Please update your config to [75, 90].
Read more: https://nextjs.org/docs/messages/next-image-unconfigured-qualities @ http://localhost:3000/_next/static/chunks/f2d63_next_dist_68641d91._.js:2297
[  753653ms] [WARNING] Image with src "/images/hero-bg.jpg" is using quality "80" which is not configured in images.qualities [75]. Please update your config to [75, 80].
Read more: https://nextjs.org/docs/messages/next-image-unconfigured-qualities @ http://localhost:3000/_next/static/chunks/f2d63_next_dist_68641d91._.js:2297
[  753658ms] [ERROR] A tree hydrated but some attributes of the server rendered HTML didn't match the client properties. This won't be patched up. This can happen if a SSR-ed Client Component used:

- A server/client branch `if (typeof window !== 'undefined')`.
- Variable input such as `Date.now()` or `Math.random()` which changes each time it's called.
- Date formatting in a user's locale which doesn't match the server.
- External changing data without sending a snapshot of it along with the HTML.
- Invalid HTML tag nesting.

It can also happen if the client has a browser extension installed which messes with the HTML before React loaded.

%s%s https://react.dev/link/hydration-mismatch 

  ...
    <ScrollAndFocusHandler segmentPath={[...]}>
      <InnerScrollAndFocusHandler segmentPath={[...]} focusAndScrollRef={{apply:false, ...}}>
        <ErrorBoundary errorComponent={function GlobalError} errorStyles={<SegmentViewNode>} errorScripts={[...]}>
          <ErrorBoundaryHandler pathname="/" errorComponent={function GlobalError} errorStyles={<SegmentViewNode>} ...>
            <LoadingBoundary name="/" loading={null}>
              <HTTPAccessFallbackBoundary notFound={<SegmentViewNode>} forbidden={undefined} unauthorized={undefined}>
                <HTTPAccessFallbackErrorBoundary pathname="/" notFound={<SegmentViewNode>} forbidden={undefined} ...>
                  <RedirectBoundary>
                    <RedirectErrorBoundary router={{...}}>
                      <InnerLayoutRouter url="/" tree={[...]} params={{}} cacheNode={{...}} segmentPath={[...]} ...>
                        <SegmentViewNode type="layout" pagePath="/apps/web/...">
                          <SegmentTrieNode>
                          <MarketingLayout>
                            <MarketingLayout>
                              <script
+                               type="application/ld+json"
-                               type="text/javascript"
                                dangerouslySetInnerHTML={{
+                                 __html: "{\"@context\":\"https://schema.org\",\"@type\":\"SoftwareApplication\",\"na..."
-                                 __html: ""
                                }}
-                               crossorigin="anonymous"
-                               src="https://t.onrelay.app/static/web-vitals.js?v=1.363.0"
                              >
                            ...
                      ...
        ...
 @ http://localhost:3000/_next/static/chunks/f2d63_next_dist_68641d91._.js:3127
[  753683ms] [WARNING] Image with src "/images/relay_logo_white.png" has either width or height modified, but not the other. If you use CSS to change the size of your image, also include the styles 'width: "auto"' or 'height: "auto"' to maintain the aspect ratio. @ http://localhost:3000/_next/static/chunks/f2d63_next_dist_68641d91._.js:2297
