[    9275ms] [ERROR] Failed to load resource: the server responded with a status of 404 () @ https://www.trynia.ai/blog?_rsc=1r34m:0
[ 1123140ms] [ERROR] Failed to load resource: net::ERR_CONNECTION_CLOSED @ https://www.trynia.ai/videos/nia-huggingface.mp4:0
[ 1123140ms] [ERROR] Failed to load resource: net::ERR_CONNECTION_CLOSED @ https://www.trynia.ai/videos/paulgraham-nia.mp4:0
[ 1123141ms] [ERROR] Failed to load resource: net::ERR_CONNECTION_CLOSED @ https://www.trynia.ai/_next/image?url=https%3A%2F%2Fpbs.twimg.com%2Fprofile_images%2F2013776094382694400%2FnNX1AW2l_normal.jpg&w=96&q=75:0
[ 1123141ms] [ERROR] Failed to load resource: net::ERR_CONNECTION_CLOSED @ https://www.trynia.ai/_next/image?url=https%3A%2F%2Fpbs.twimg.com%2Fprofile_images%2F2029293988751261700%2Fz4aJSzol_normal.jpg&w=96&q=75:0
[ 1123143ms] [ERROR] Failed to load resource: net::ERR_CONNECTION_CLOSED @ https://www.trynia.ai/_next/image?url=https%3A%2F%2Fpbs.twimg.com%2Fprofile_images%2F1716567875622936576%2FxjBaFj4x_normal.jpg&w=96&q=75:0
[ 1123143ms] [ERROR] Failed to load resource: net::ERR_CONNECTION_CLOSED @ https://www.trynia.ai/_next/image?url=https%3A%2F%2Fpbs.twimg.com%2Fprofile_images%2F1951573579138580480%2FcUxs4loC_normal.jpg&w=96&q=75:0
[ 1123144ms] [ERROR] Failed to load resource: net::ERR_CONNECTION_CLOSED @ https://www.trynia.ai/videos/nia1.mp4:0
[ 1123144ms] [ERROR] Failed to load resource: net::ERR_CONNECTION_CLOSED @ https://www.trynia.ai/_next/image?url=https%3A%2F%2Fpbs.twimg.com%2Fprofile_images%2F1944874256447287296%2FsAu5S4Pw_normal.jpg&w=96&q=75:0
[ 1123144ms] [ERROR] Failed to load resource: net::ERR_CONNECTION_CLOSED @ https://www.trynia.ai/_next/image?url=https%3A%2F%2Fpbs.twimg.com%2Fmedia%2FG4CXC6eXsAA2YUY.jpg&w=1920&q=75:0
[ 1123144ms] [ERROR] Failed to load resource: net::ERR_CONNECTION_CLOSED @ https://www.trynia.ai/_next/image?url=https%3A%2F%2Fpbs.twimg.com%2Fmedia%2FG2RCtkjWUAA10Ck.jpg&w=1920&q=75:0
[ 1123144ms] [ERROR] Failed to load resource: net::ERR_CONNECTION_CLOSED @ https://www.trynia.ai/videos/oracle-research-cool.mp4:0
[ 1123156ms] [ERROR] Failed to load resource: net::ERR_CONNECTION_CLOSED @ https://www.trynia.ai/videos/nia-contextsharing-1.mp4:0
[ 1123156ms] [ERROR] Failed to load resource: net::ERR_CONNECTION_CLOSED @ https://www.trynia.ai/_next/image?url=https%3A%2F%2Fpbs.twimg.com%2Fprofile_images%2F2027225580643454976%2FwO2_VwqE_normal.jpg&w=96&q=75:0
[ 1123156ms] [ERROR] Failed to load resource: net::ERR_CONNECTION_CLOSED @ https://www.trynia.ai/_next/image?url=https%3A%2F%2Fpbs.twimg.com%2Fprofile_images%2F1970715585810980864%2FGcAsvD2d_normal.jpg&w=96&q=75:0
[ 1123156ms] [ERROR] Failed to load resource: net::ERR_CONNECTION_CLOSED @ https://www.trynia.ai/_next/image?url=https%3A%2F%2Fpbs.twimg.com%2Fmedia%2FG1J4omrXUAEWnBi.jpg&w=1920&q=75:0
[ 1123156ms] [ERROR] Failed to load resource: net::ERR_CONNECTION_CLOSED @ https://www.trynia.ai/_next/image?url=https%3A%2F%2Fpbs.twimg.com%2Fmedia%2FG34IyImXUAA04ip.jpg&w=1920&q=75:0
[ 1123156ms] [ERROR] Failed to load resource: net::ERR_CONNECTION_CLOSED @ https://www.trynia.ai/_next/image?url=https%3A%2F%2Fpbs.twimg.com%2Fprofile_images%2F1959644352374034432%2Fk9-obvXE_normal.jpg&w=96&q=75:0
[ 1123156ms] [ERROR] Failed to load resource: net::ERR_CONNECTION_CLOSED @ https://www.trynia.ai/_next/image?url=https%3A%2F%2Fpbs.twimg.com%2Fprofile_images%2F2000025822548348929%2FNqfgYufv_normal.jpg&w=96&q=75:0
[ 1123156ms] [ERROR] Failed to load resource: net::ERR_CONNECTION_CLOSED @ https://www.trynia.ai/_next/image?url=https%3A%2F%2Fpbs.twimg.com%2Fprofile_images%2F2012364082213437440%2FWJeeq0pT_normal.jpg&w=96&q=75:0
[ 1123156ms] [ERROR] Failed to load resource: net::ERR_CONNECTION_CLOSED @ https://www.trynia.ai/_next/image?url=https%3A%2F%2Fpbs.twimg.com%2Fprofile_images%2F1455548721421176841%2F0XHTEfkp_normal.jpg&w=96&q=75:0
[ 1123156ms] [ERROR] Failed to load resource: net::ERR_CONNECTION_CLOSED @ https://www.trynia.ai/_next/image?url=https%3A%2F%2Fpbs.twimg.com%2Fmedia%2FG1kPX9AaYAA1WXa.jpg&w=1920&q=75:0
[ 1123156ms] [ERROR] Failed to load resource: net::ERR_CONNECTION_CLOSED @ https://www.trynia.ai/_next/image?url=https%3A%2F%2Fpbs.twimg.com%2Fprofile_images%2F1566491524354887680%2F7aJJB2rs_normal.jpg&w=96&q=75:0
[ 1123156ms] [ERROR] Failed to load resource: net::ERR_CONNECTION_CLOSED @ https://www.trynia.ai/_next/image?url=https%3A%2F%2Fpbs.twimg.com%2Fprofile_images%2F1642098866559541249%2FdFjXxmUZ_normal.jpg&w=96&q=75:0
[ 1123156ms] [ERROR] Failed to load resource: net::ERR_CONNECTION_CLOSED @ https://www.trynia.ai/_next/image?url=https%3A%2F%2Fpbs.twimg.com%2Fprofile_images%2F1969216054556532736%2FJFZI1QdO_normal.jpg&w=96&q=75:0
[ 1123157ms] [ERROR] Failed to load resource: net::ERR_CONNECTION_CLOSED @ https://www.trynia.ai/_next/image?url=https%3A%2F%2Fpbs.twimg.com%2Fmedia%2FG0Twc-5WcAAYpbf.jpg&w=1920&q=75:0
[ 1123157ms] [ERROR] Failed to load resource: net::ERR_CONNECTION_CLOSED @ https://www.trynia.ai/_next/image?url=https%3A%2F%2Fpbs.twimg.com%2Fprofile_images%2F1998837167972343808%2FUIz6fMDa_normal.jpg&w=96&q=75:0
[ 1123157ms] [ERROR] Failed to load resource: net::ERR_CONNECTION_CLOSED @ https://www.trynia.ai/_next/image?url=https%3A%2F%2Fpbs.twimg.com%2Fprofile_images%2F1995991119134441472%2FVRJl0evH_normal.jpg&w=96&q=75:0
[ 1123157ms] [ERROR] Failed to load resource: net::ERR_CONNECTION_CLOSED @ https://www.trynia.ai/_next/image?url=https%3A%2F%2Fpbs.twimg.com%2Fprofile_images%2F1863244853036900352%2F-UMRp_5B_normal.jpg&w=96&q=75:0
[ 1123157ms] [ERROR] Failed to load resource: net::ERR_CONNECTION_CLOSED @ https://www.trynia.ai/_next/image?url=https%3A%2F%2Fpbs.twimg.com%2Fprofile_images%2F1909353910130950147%2FEeSGdgA5_normal.jpg&w=96&q=75:0
[ 1123157ms] [ERROR] Failed to load resource: net::ERR_CONNECTION_CLOSED @ https://www.trynia.ai/_next/image?url=https%3A%2F%2Fpbs.twimg.com%2Fprofile_images%2F1923150451979190273%2FH4gfwXPZ_normal.jpg&w=96&q=75:0
[ 1123157ms] [ERROR] Failed to load resource: net::ERR_CONNECTION_CLOSED @ https://www.trynia.ai/_next/image?url=https%3A%2F%2Fpbs.twimg.com%2Fprofile_images%2F2007289303228133380%2FgITf4Ldw_normal.jpg&w=96&q=75:0
[ 1123157ms] [ERROR] Failed to load resource: net::ERR_CONNECTION_CLOSED @ https://www.trynia.ai/videos/paulgraham-nia.mp4:0
[ 1123158ms] [ERROR] Failed to load resource: net::ERR_CONNECTION_CLOSED @ https://www.trynia.ai/?_rsc=1r34m:0
[ 1123159ms] [ERROR] Failed to load resource: net::ERR_CONNECTION_CLOSED @ https://www.trynia.ai/use-cases?_rsc=nn07o:0
[ 1123159ms] [ERROR] Failed to load resource: net::ERR_CONNECTION_CLOSED @ https://www.trynia.ai/use-cases?_rsc=nn07o:0
